.next/types/validator.ts(135,31): error TS2344: Type 'typeof import("C:/Users/markp/OneDrive/Desktop/Documents/GitHub/teman/app/api/posts/[id]/comments/route")' does not satisfy the constraint 'RouteHandlerConfig<"/api/posts/[id]/comments">'.
  Types of property 'GET' are incompatible.
    Type '(request: Request, { params }: { params: { id: string; }; }) => Promise<NextResponse<{ comments: ({ author: { nickname: string; profileImage: string | null; }; } & { id: string; createdAt: Date; content: string; authorId: string; postId: string; })[]; }> | NextResponse<...>>' is not assignable to type '(request: NextRequest, context: { params: Promise<{ id: string; }>; }) => void | Response | Promise<void | Response>'.
      Types of parameters '__1' and 'context' are incompatible.
        Type '{ params: Promise<{ id: string; }>; }' is not assignable to type '{ params: { id: string; }; }'.
          Types of property 'params' are incompatible.
            Property 'id' is missing in type 'Promise<{ id: string; }>' but required in type '{ id: string; }'.
.next/types/validator.ts(144,31): error TS2344: Type 'typeof import("C:/Users/markp/OneDrive/Desktop/Documents/GitHub/teman/app/api/posts/[id]/like/route")' does not satisfy the constraint 'RouteHandlerConfig<"/api/posts/[id]/like">'.
  Types of property 'POST' are incompatible.
    Type '(request: Request, { params }: { params: { id: string; }; }) => Promise<NextResponse<{ error: string; }> | NextResponse<{ message: string; liked: boolean; }>>' is not assignable to type '(request: NextRequest, context: { params: Promise<{ id: string; }>; }) => void | Response | Promise<void | Response>'.
      Types of parameters '__1' and 'context' are incompatible.
        Type '{ params: Promise<{ id: string; }>; }' is not assignable to type '{ params: { id: string; }; }'.
          Types of property 'params' are incompatible.
            Property 'id' is missing in type 'Promise<{ id: string; }>' but required in type '{ id: string; }'.
